// Jest Snapshot v1, https://goo.gl/fbAQLP

exports[`AccessRightsReport Should render (empty) report without crashing 1`] = `
<div
  className="reportScroll"
>
  <div
    className="henkilohakuTableWrapper reportWrapper"
  >
    <Table
      data={Array []}
      fetchMoreSettings={Object {}}
      headings={
        Array [
          Object {
            "key": "personName",
            "label": undefined,
            "maxWidth": 300,
          },
          Object {
            "Cell": [Function],
            "key": "personOid",
            "label": undefined,
            "maxWidth": 250,
          },
          Object {
            "key": "organisationName",
            "label": undefined,
            "maxWidth": 300,
          },
          Object {
            "key": "organisationOid",
            "label": undefined,
            "maxWidth": 250,
          },
          Object {
            "key": "accessRightName",
            "label": undefined,
          },
          Object {
            "Cell": [Function],
            "key": "startDate",
            "label": undefined,
            "maxWidth": 120,
          },
          Object {
            "Cell": [Function],
            "key": "endDate",
            "label": undefined,
            "maxWidth": 135,
          },
        ]
      }
      highlight={true}
      resizable={true}
      striped={true}
    />
  </div>
</div>
`;

exports[`AccessRightsReportData Should render (empty) report without crashing 1`] = `
<AccessRightsReport
  report={Array []}
  translate={[MockFunction]}
/>
`;
