// Jest Snapshot v1, https://goo.gl/fbAQLP

exports[`AccessRightsReport renders without crashing 1`] = `
<div
  className="wrapper"
>
  <Header
    translate={[Function]}
  />
  <AccessRightsReportControls
    disabled={false}
    filterValues={Array []}
    setFilter={[Function]}
    setOid={[Function]}
    translate={[Function]}
  />
</div>
`;
