// Jest Snapshot v1, https://goo.gl/fbAQLP

exports[`AccessRightsReportControls renders without crashing 1`] = `
<div>
  <div
    className="flex-horizontal"
  >
    <div
      className="flex-item-1 "
    >
      <Connect(OrganisaatioSelectModal)
        disabled={false}
        onSelect={[Function]}
      />
      <Connect(ItemList)
        items={Array []}
        labelPath={
          Array [
            "name",
          ]
        }
        removeAction={[Function]}
      />
    </div>
  </div>
</div>
`;
